Startpoint: _12971_ (rising edge-triggered flip-flop clocked by clk)
Endpoint: _22991_ (rising edge-triggered flip-flop clocked by clk)
Path Group: clk
Path Type: max

  Delay    Time   Description
---------------------------------------------------------
   0.00    0.00   clock clk (rise edge)
   0.00    0.00   clock network delay (ideal)
   0.00    0.00 ^ _12971_/CLK (sky130_fd_sc_hd__dfxtp_1)
  15.89   15.89 ^ _12971_/Q (sky130_fd_sc_hd__dfxtp_1)
  17.63   33.52 v _17373_/Y (sky130_fd_sc_hd__xnor2_1)
   1.16   34.68 ^ _17409_/Y (sky130_fd_sc_hd__a211oi_1)
   0.10   34.78 v _17445_/Y (sky130_fd_sc_hd__a211oi_1)
   0.45   35.24 ^ _17446_/Y (sky130_fd_sc_hd__o32ai_1)
   0.14   35.37 v _17447_/Y (sky130_fd_sc_hd__o22ai_1)
   0.37   35.74 v _17517_/X (sky130_fd_sc_hd__o21a_1)
   0.10   35.84 ^ _18512_/Y (sky130_fd_sc_hd__o31ai_1)
   0.13   35.98 ^ _22814_/X (sky130_fd_sc_hd__and2_0)
   0.00   35.98 ^ _22991_/D (sky130_fd_sc_hd__dfxtp_1)
          35.98   data arrival time

  42.00   42.00   clock clk (rise edge)
   0.00   42.00   clock network delay (ideal)
  -0.10   41.90   clock uncertainty
   0.00   41.90   clock reconvergence pessimism
          41.90 ^ _22991_/CLK (sky130_fd_sc_hd__dfxtp_1)
  -0.06   41.84   library setup time
          41.84   data required time
---------------------------------------------------------
          41.84   data required time
         -35.98   data arrival time
---------------------------------------------------------
           5.87   slack (MET)


